// Jest Snapshot v1, https://goo.gl/fbAQLP

exports[`ToolIntro component renders correctly  1`] = `
<div
  class="t-tool-intro border-l-[6px] border-teal-300 pl-6 text-lg text-gray-800 font-normal leading-[26px]"
  data-testid="tool-intro"
>
  <p>
    Lorem ipsum
  </p>
</div>
`;
