// Jest Snapshot v1, https://goo.gl/fbAQLP

exports[`Container component renders correctly 1`] = `
<div
  class="container-auto"
  data-testid="container"
>
  Container
</div>
`;
