// Jest Snapshot v1, https://goo.gl/fbAQLP

exports[`Paragraph component renders correctly 1`] = `
<p
  class="mb-4"
  data-testid="paragraph"
>
  Text goes here
</p>
`;
