// Jest Snapshot v1, https://goo.gl/fbAQLP

exports[`JsOnly component renders correctly 1`] = `
<ul>
  <li>
    one
  </li>
  <li>
    two
  </li>
  <li>
    three
  </li>
</ul>
`;
