// Jest Snapshot v1, https://goo.gl/fbAQLP

exports[`QuestionForm component renders correctly with default values 1`] = `
<form
  class=""
  data-testid="test-component"
  method="POST"
  novalidate=""
>
  <input
    name="question"
    type="HIDDEN"
    value="q1"
  />
  <input
    name="language"
    type="HIDDEN"
    value="en"
  />
  <input
    name="task"
    type="HIDDEN"
    value=""
  />
  <input
    name="status"
    type="HIDDEN"
    value="4"
  />
  <span
    class="text-xl text-gray-400 font-normal"
  >
    Example subtitle
  </span>
  <fieldset>
    <legend>
      <h2
        class="text-3xl md:text-4xl text-gray-800 font-bold mt-2 mb-6"
        data-testid="section-title"
      >
        Example question title?
      </h2>
    </legend>
    <div
      class=""
      data-testid="errors"
    >
      <div
        class=""
        data-testid="question-radio"
      >
        <div
          class="mt-3"
        >
          <div
            class="flex flex-wrap relative"
            data-testid="radio-button"
          >
            <input
              class="w-[40px] h-[40px] m-0 opacity-0 cursor-pointer peer"
              id="answer-0"
              name="answer"
              required=""
              type="radio"
              value="0"
            />
            <label
              class="align-self-center max-w-[calc(100%-40px)] p-[7px] pl-[12px] cursor-pointer touch-action-manipulation before:content-[''] before:box-border before:absolute before:top-0 before:left-0 before:w-[40px] before:h-[40px] before:bg-transparent before:rounded-full before:border before:border-gray-400 after:content-[''] after:absolute after:top-[8px] after:left-[8px] after:w-0 after:h-0 after:border-[12px] after:border-solid after:border-pink-600 after:rounded-full after:opacity-0 hover:after:opacity-100 hover:after:border-pink-800 active:after:opacity-100 active:after:border-pink-400 peer-focus:before:border-4 peer-focus:before:border-purple-700 peer-focus:before:outline-[3px] peer-focus:before:outline-black peer-focus:before:outline-offset-1 peer-focus:before:shadow-[0_0_0_4px] peer-focus:before:shadow-yellow-200 peer-checked:after:opacity-100"
              for="answer-0"
            >
              Example answer 1
            </label>
          </div>
        </div>
        <div
          class="mt-3"
        >
          <div
            class="flex flex-wrap relative"
            data-testid="radio-button"
          >
            <input
              class="w-[40px] h-[40px] m-0 opacity-0 cursor-pointer peer"
              id="answer-1"
              name="answer"
              required=""
              type="radio"
              value="1"
            />
            <label
              class="align-self-center max-w-[calc(100%-40px)] p-[7px] pl-[12px] cursor-pointer touch-action-manipulation before:content-[''] before:box-border before:absolute before:top-0 before:left-0 before:w-[40px] before:h-[40px] before:bg-transparent before:rounded-full before:border before:border-gray-400 after:content-[''] after:absolute after:top-[8px] after:left-[8px] after:w-0 after:h-0 after:border-[12px] after:border-solid after:border-pink-600 after:rounded-full after:opacity-0 hover:after:opacity-100 hover:after:border-pink-800 active:after:opacity-100 active:after:border-pink-400 peer-focus:before:border-4 peer-focus:before:border-purple-700 peer-focus:before:outline-[3px] peer-focus:before:outline-black peer-focus:before:outline-offset-1 peer-focus:before:shadow-[0_0_0_4px] peer-focus:before:shadow-yellow-200 peer-checked:after:opacity-100"
              for="answer-1"
            >
              Example answer 2
            </label>
          </div>
        </div>
        <div
          class="mt-3"
        >
          <div
            class="flex flex-wrap relative"
            data-testid="radio-button"
          >
            <input
              class="w-[40px] h-[40px] m-0 opacity-0 cursor-pointer peer"
              id="answer-2"
              name="answer"
              required=""
              type="radio"
              value="2"
            />
            <label
              class="align-self-center max-w-[calc(100%-40px)] p-[7px] pl-[12px] cursor-pointer touch-action-manipulation before:content-[''] before:box-border before:absolute before:top-0 before:left-0 before:w-[40px] before:h-[40px] before:bg-transparent before:rounded-full before:border before:border-gray-400 after:content-[''] after:absolute after:top-[8px] after:left-[8px] after:w-0 after:h-0 after:border-[12px] after:border-solid after:border-pink-600 after:rounded-full after:opacity-0 hover:after:opacity-100 hover:after:border-pink-800 active:after:opacity-100 active:after:border-pink-400 peer-focus:before:border-4 peer-focus:before:border-purple-700 peer-focus:before:outline-[3px] peer-focus:before:outline-black peer-focus:before:outline-offset-1 peer-focus:before:shadow-[0_0_0_4px] peer-focus:before:shadow-yellow-200 peer-checked:after:opacity-100"
              for="answer-2"
            >
              Example answer 3
            </label>
          </div>
        </div>
        <div
          class="mt-3"
        >
          <div
            class="flex flex-wrap relative"
            data-testid="radio-button"
          >
            <input
              class="w-[40px] h-[40px] m-0 opacity-0 cursor-pointer peer"
              id="answer-3"
              name="answer"
              required=""
              type="radio"
              value="3"
            />
            <label
              class="align-self-center max-w-[calc(100%-40px)] p-[7px] pl-[12px] cursor-pointer touch-action-manipulation before:content-[''] before:box-border before:absolute before:top-0 before:left-0 before:w-[40px] before:h-[40px] before:bg-transparent before:rounded-full before:border before:border-gray-400 after:content-[''] after:absolute after:top-[8px] after:left-[8px] after:w-0 after:h-0 after:border-[12px] after:border-solid after:border-pink-600 after:rounded-full after:opacity-0 hover:after:opacity-100 hover:after:border-pink-800 active:after:opacity-100 active:after:border-pink-400 peer-focus:before:border-4 peer-focus:before:border-purple-700 peer-focus:before:outline-[3px] peer-focus:before:outline-black peer-focus:before:outline-offset-1 peer-focus:before:shadow-[0_0_0_4px] peer-focus:before:shadow-yellow-200 peer-checked:after:opacity-100"
              for="answer-3"
            >
              Example answer 4
            </label>
          </div>
        </div>
      </div>
    </div>
  </fieldset>
  <div
    class="mt-8"
  >
    <details
      class="group tool-expand"
      data-testid="expandable-section"
    >
      <summary
        class="flex [&::-webkit-details-marker]:hidden cursor-pointer py-2 outline-none focus:shadow-select-focus text-pink-800 underline hover:text-pink-800 hover:no-underline group"
      >
        <svgr-mock
          classname="group-open:rotate-[-180deg] text-pink-600 shrink-0 w-5 mr-2 group-hover:text-pink-800"
        />
        <div
          class="block"
          data-testid="summary-block-title"
        >
          example label
        </div>
      </summary>
      <div
        class=" my-4"
      >
        <p
          class="mb-4"
          data-testid="paragraph"
        >
          Lorem ipsum dolor, sit amet consectetur adipisicing elit. Unde nam aliquam distinctio earum id iure dolores maxime incidunt, ipsam fuga accusamus vitae, exercitationem magnam cumque perferendis voluptates nemo. Repellat, accusamus.
        </p>
      </div>
    </details>
  </div>
  <div
    class="md:flex mt-8"
  >
    <button
      class="w-full md:w-auto border-0 text-white bg-pink-600 hover:bg-pink-800 hover:shadow-none active:bg-pink-900 active:outline-yellow-200 active:text-white t-button px-3 py-2 font-semibold rounded outline-none shadow-bottom-gray inline-flex items-center justify-between gap-2 cursor-pointer disabled:cursor-not-allowed disabled:border-slate-400 disabled:border disabled:bg-transparent disabled:text-gray-500 disabled:shadow-none focus:bg-yellow-200 focus:outline-purple-700 focus:outline-[3px] focus:outline-offset-0 focus:text-gray-800 focus:shadow-none active:shadow-none active:outline-[3px] active:outline-offset-0 t-primary-button"
      data-testid="continue"
      formaction="api/test"
      type="submit"
    >
      <span />
      Continue
      <span />
    </button>
  </div>
</form>
`;

exports[`QuestionForm component renders with an error 1`] = `
<form
  class=""
  data-testid="test-component"
  method="POST"
  novalidate=""
>
  <input
    name="question"
    type="HIDDEN"
    value="q1"
  />
  <input
    name="language"
    type="HIDDEN"
    value="en"
  />
  <input
    name="task"
    type="HIDDEN"
    value=""
  />
  <input
    name="status"
    type="HIDDEN"
    value="4"
  />
  <span
    class="text-xl text-gray-400 font-normal"
  >
    Example subtitle
  </span>
  <fieldset
    aria-describedby=" question-error"
  >
    <legend>
      <h2
        class="text-3xl md:text-4xl text-gray-800 font-bold mt-2 mb-6"
        data-testid="section-title"
      >
        Example question title?
      </h2>
    </legend>
    <div
      class="border-0 border-l-4 pl-5 border-red-700 border-solid"
      data-testid="errors"
    >
      <div
        class="text-red-700"
        id="question-error"
      >
        Select your age
      </div>
      <div
        class=""
        data-testid="question-radio"
      >
        <div
          class="mt-3"
        >
          <div
            class="flex flex-wrap relative"
            data-testid="radio-button"
          >
            <input
              class="w-[40px] h-[40px] m-0 opacity-0 cursor-pointer peer"
              id="answer-0"
              name="answer"
              required=""
              type="radio"
              value="0"
            />
            <label
              class="align-self-center max-w-[calc(100%-40px)] p-[7px] pl-[12px] cursor-pointer touch-action-manipulation before:content-[''] before:box-border before:absolute before:top-0 before:left-0 before:w-[40px] before:h-[40px] before:bg-transparent before:rounded-full before:border before:border-gray-400 after:content-[''] after:absolute after:top-[8px] after:left-[8px] after:w-0 after:h-0 after:border-[12px] after:border-solid after:border-pink-600 after:rounded-full after:opacity-0 hover:after:opacity-100 hover:after:border-pink-800 active:after:opacity-100 active:after:border-pink-400 peer-focus:before:border-4 peer-focus:before:border-purple-700 peer-focus:before:outline-[3px] peer-focus:before:outline-black peer-focus:before:outline-offset-1 peer-focus:before:shadow-[0_0_0_4px] peer-focus:before:shadow-yellow-200 peer-checked:after:opacity-100"
              for="answer-0"
            >
              Example answer 1
            </label>
          </div>
        </div>
        <div
          class="mt-3"
        >
          <div
            class="flex flex-wrap relative"
            data-testid="radio-button"
          >
            <input
              class="w-[40px] h-[40px] m-0 opacity-0 cursor-pointer peer"
              id="answer-1"
              name="answer"
              required=""
              type="radio"
              value="1"
            />
            <label
              class="align-self-center max-w-[calc(100%-40px)] p-[7px] pl-[12px] cursor-pointer touch-action-manipulation before:content-[''] before:box-border before:absolute before:top-0 before:left-0 before:w-[40px] before:h-[40px] before:bg-transparent before:rounded-full before:border before:border-gray-400 after:content-[''] after:absolute after:top-[8px] after:left-[8px] after:w-0 after:h-0 after:border-[12px] after:border-solid after:border-pink-600 after:rounded-full after:opacity-0 hover:after:opacity-100 hover:after:border-pink-800 active:after:opacity-100 active:after:border-pink-400 peer-focus:before:border-4 peer-focus:before:border-purple-700 peer-focus:before:outline-[3px] peer-focus:before:outline-black peer-focus:before:outline-offset-1 peer-focus:before:shadow-[0_0_0_4px] peer-focus:before:shadow-yellow-200 peer-checked:after:opacity-100"
              for="answer-1"
            >
              Example answer 2
            </label>
          </div>
        </div>
        <div
          class="mt-3"
        >
          <div
            class="flex flex-wrap relative"
            data-testid="radio-button"
          >
            <input
              class="w-[40px] h-[40px] m-0 opacity-0 cursor-pointer peer"
              id="answer-2"
              name="answer"
              required=""
              type="radio"
              value="2"
            />
            <label
              class="align-self-center max-w-[calc(100%-40px)] p-[7px] pl-[12px] cursor-pointer touch-action-manipulation before:content-[''] before:box-border before:absolute before:top-0 before:left-0 before:w-[40px] before:h-[40px] before:bg-transparent before:rounded-full before:border before:border-gray-400 after:content-[''] after:absolute after:top-[8px] after:left-[8px] after:w-0 after:h-0 after:border-[12px] after:border-solid after:border-pink-600 after:rounded-full after:opacity-0 hover:after:opacity-100 hover:after:border-pink-800 active:after:opacity-100 active:after:border-pink-400 peer-focus:before:border-4 peer-focus:before:border-purple-700 peer-focus:before:outline-[3px] peer-focus:before:outline-black peer-focus:before:outline-offset-1 peer-focus:before:shadow-[0_0_0_4px] peer-focus:before:shadow-yellow-200 peer-checked:after:opacity-100"
              for="answer-2"
            >
              Example answer 3
            </label>
          </div>
        </div>
        <div
          class="mt-3"
        >
          <div
            class="flex flex-wrap relative"
            data-testid="radio-button"
          >
            <input
              class="w-[40px] h-[40px] m-0 opacity-0 cursor-pointer peer"
              id="answer-3"
              name="answer"
              required=""
              type="radio"
              value="3"
            />
            <label
              class="align-self-center max-w-[calc(100%-40px)] p-[7px] pl-[12px] cursor-pointer touch-action-manipulation before:content-[''] before:box-border before:absolute before:top-0 before:left-0 before:w-[40px] before:h-[40px] before:bg-transparent before:rounded-full before:border before:border-gray-400 after:content-[''] after:absolute after:top-[8px] after:left-[8px] after:w-0 after:h-0 after:border-[12px] after:border-solid after:border-pink-600 after:rounded-full after:opacity-0 hover:after:opacity-100 hover:after:border-pink-800 active:after:opacity-100 active:after:border-pink-400 peer-focus:before:border-4 peer-focus:before:border-purple-700 peer-focus:before:outline-[3px] peer-focus:before:outline-black peer-focus:before:outline-offset-1 peer-focus:before:shadow-[0_0_0_4px] peer-focus:before:shadow-yellow-200 peer-checked:after:opacity-100"
              for="answer-3"
            >
              Example answer 4
            </label>
          </div>
        </div>
      </div>
    </div>
  </fieldset>
  <div
    class="mt-8"
  >
    <details
      class="group tool-expand"
      data-testid="expandable-section"
    >
      <summary
        class="flex [&::-webkit-details-marker]:hidden cursor-pointer py-2 outline-none focus:shadow-select-focus text-pink-800 underline hover:text-pink-800 hover:no-underline group"
      >
        <svgr-mock
          classname="group-open:rotate-[-180deg] text-pink-600 shrink-0 w-5 mr-2 group-hover:text-pink-800"
        />
        <div
          class="block"
          data-testid="summary-block-title"
        >
          example label
        </div>
      </summary>
      <div
        class=" my-4"
      >
        <p
          class="mb-4"
          data-testid="paragraph"
        >
          Lorem ipsum dolor, sit amet consectetur adipisicing elit. Unde nam aliquam distinctio earum id iure dolores maxime incidunt, ipsam fuga accusamus vitae, exercitationem magnam cumque perferendis voluptates nemo. Repellat, accusamus.
        </p>
      </div>
    </details>
  </div>
  <div
    class="md:flex mt-8"
  >
    <button
      class="w-full md:w-auto border-0 text-white bg-pink-600 hover:bg-pink-800 hover:shadow-none active:bg-pink-900 active:outline-yellow-200 active:text-white t-button px-3 py-2 font-semibold rounded outline-none shadow-bottom-gray inline-flex items-center justify-between gap-2 cursor-pointer disabled:cursor-not-allowed disabled:border-slate-400 disabled:border disabled:bg-transparent disabled:text-gray-500 disabled:shadow-none focus:bg-yellow-200 focus:outline-purple-700 focus:outline-[3px] focus:outline-offset-0 focus:text-gray-800 focus:shadow-none active:shadow-none active:outline-[3px] active:outline-offset-0 t-primary-button"
      data-testid="continue"
      formaction="api/test"
      type="submit"
    >
      <span />
      Continue
      <span />
    </button>
  </div>
</form>
`;

exports[`QuestionForm component renders with an optional definition 1`] = `
<form
  class=""
  data-testid="test-component"
  method="POST"
  novalidate=""
>
  <input
    name="question"
    type="HIDDEN"
    value="q1"
  />
  <input
    name="language"
    type="HIDDEN"
    value="en"
  />
  <input
    name="task"
    type="HIDDEN"
    value=""
  />
  <input
    name="status"
    type="HIDDEN"
    value="4"
  />
  <span
    class="text-xl text-gray-400 font-normal"
  >
    Example subtitle
  </span>
  <fieldset
    aria-describedby="question-hint "
  >
    <legend>
      <h2
        class="text-3xl md:text-4xl text-gray-800 font-bold mt-2 mb-6"
        data-testid="section-title"
      >
        Example question title?
      </h2>
    </legend>
    <span
      class="text-gray-400"
      id="question-hint"
    >
      <p
        class="mb-4"
        data-testid="paragraph"
      >
        An example definition
      </p>
    </span>
    <div
      class=""
      data-testid="errors"
    >
      <div
        class=""
        data-testid="question-radio"
      >
        <div
          class="mt-3"
        >
          <div
            class="flex flex-wrap relative"
            data-testid="radio-button"
          >
            <input
              class="w-[40px] h-[40px] m-0 opacity-0 cursor-pointer peer"
              id="answer-0"
              name="answer"
              required=""
              type="radio"
              value="0"
            />
            <label
              class="align-self-center max-w-[calc(100%-40px)] p-[7px] pl-[12px] cursor-pointer touch-action-manipulation before:content-[''] before:box-border before:absolute before:top-0 before:left-0 before:w-[40px] before:h-[40px] before:bg-transparent before:rounded-full before:border before:border-gray-400 after:content-[''] after:absolute after:top-[8px] after:left-[8px] after:w-0 after:h-0 after:border-[12px] after:border-solid after:border-pink-600 after:rounded-full after:opacity-0 hover:after:opacity-100 hover:after:border-pink-800 active:after:opacity-100 active:after:border-pink-400 peer-focus:before:border-4 peer-focus:before:border-purple-700 peer-focus:before:outline-[3px] peer-focus:before:outline-black peer-focus:before:outline-offset-1 peer-focus:before:shadow-[0_0_0_4px] peer-focus:before:shadow-yellow-200 peer-checked:after:opacity-100"
              for="answer-0"
            >
              Example answer 1
            </label>
          </div>
        </div>
        <div
          class="mt-3"
        >
          <div
            class="flex flex-wrap relative"
            data-testid="radio-button"
          >
            <input
              class="w-[40px] h-[40px] m-0 opacity-0 cursor-pointer peer"
              id="answer-1"
              name="answer"
              required=""
              type="radio"
              value="1"
            />
            <label
              class="align-self-center max-w-[calc(100%-40px)] p-[7px] pl-[12px] cursor-pointer touch-action-manipulation before:content-[''] before:box-border before:absolute before:top-0 before:left-0 before:w-[40px] before:h-[40px] before:bg-transparent before:rounded-full before:border before:border-gray-400 after:content-[''] after:absolute after:top-[8px] after:left-[8px] after:w-0 after:h-0 after:border-[12px] after:border-solid after:border-pink-600 after:rounded-full after:opacity-0 hover:after:opacity-100 hover:after:border-pink-800 active:after:opacity-100 active:after:border-pink-400 peer-focus:before:border-4 peer-focus:before:border-purple-700 peer-focus:before:outline-[3px] peer-focus:before:outline-black peer-focus:before:outline-offset-1 peer-focus:before:shadow-[0_0_0_4px] peer-focus:before:shadow-yellow-200 peer-checked:after:opacity-100"
              for="answer-1"
            >
              Example answer 2
            </label>
          </div>
        </div>
        <div
          class="mt-3"
        >
          <div
            class="flex flex-wrap relative"
            data-testid="radio-button"
          >
            <input
              class="w-[40px] h-[40px] m-0 opacity-0 cursor-pointer peer"
              id="answer-2"
              name="answer"
              required=""
              type="radio"
              value="2"
            />
            <label
              class="align-self-center max-w-[calc(100%-40px)] p-[7px] pl-[12px] cursor-pointer touch-action-manipulation before:content-[''] before:box-border before:absolute before:top-0 before:left-0 before:w-[40px] before:h-[40px] before:bg-transparent before:rounded-full before:border before:border-gray-400 after:content-[''] after:absolute after:top-[8px] after:left-[8px] after:w-0 after:h-0 after:border-[12px] after:border-solid after:border-pink-600 after:rounded-full after:opacity-0 hover:after:opacity-100 hover:after:border-pink-800 active:after:opacity-100 active:after:border-pink-400 peer-focus:before:border-4 peer-focus:before:border-purple-700 peer-focus:before:outline-[3px] peer-focus:before:outline-black peer-focus:before:outline-offset-1 peer-focus:before:shadow-[0_0_0_4px] peer-focus:before:shadow-yellow-200 peer-checked:after:opacity-100"
              for="answer-2"
            >
              Example answer 3
            </label>
          </div>
        </div>
        <div
          class="mt-3"
        >
          <div
            class="flex flex-wrap relative"
            data-testid="radio-button"
          >
            <input
              class="w-[40px] h-[40px] m-0 opacity-0 cursor-pointer peer"
              id="answer-3"
              name="answer"
              required=""
              type="radio"
              value="3"
            />
            <label
              class="align-self-center max-w-[calc(100%-40px)] p-[7px] pl-[12px] cursor-pointer touch-action-manipulation before:content-[''] before:box-border before:absolute before:top-0 before:left-0 before:w-[40px] before:h-[40px] before:bg-transparent before:rounded-full before:border before:border-gray-400 after:content-[''] after:absolute after:top-[8px] after:left-[8px] after:w-0 after:h-0 after:border-[12px] after:border-solid after:border-pink-600 after:rounded-full after:opacity-0 hover:after:opacity-100 hover:after:border-pink-800 active:after:opacity-100 active:after:border-pink-400 peer-focus:before:border-4 peer-focus:before:border-purple-700 peer-focus:before:outline-[3px] peer-focus:before:outline-black peer-focus:before:outline-offset-1 peer-focus:before:shadow-[0_0_0_4px] peer-focus:before:shadow-yellow-200 peer-checked:after:opacity-100"
              for="answer-3"
            >
              Example answer 4
            </label>
          </div>
        </div>
      </div>
    </div>
  </fieldset>
  <div
    class="mt-8"
  >
    <details
      class="group tool-expand"
      data-testid="expandable-section"
    >
      <summary
        class="flex [&::-webkit-details-marker]:hidden cursor-pointer py-2 outline-none focus:shadow-select-focus text-pink-800 underline hover:text-pink-800 hover:no-underline group"
      >
        <svgr-mock
          classname="group-open:rotate-[-180deg] text-pink-600 shrink-0 w-5 mr-2 group-hover:text-pink-800"
        />
        <div
          class="block"
          data-testid="summary-block-title"
        >
          example label
        </div>
      </summary>
      <div
        class=" my-4"
      >
        <p
          class="mb-4"
          data-testid="paragraph"
        >
          Lorem ipsum dolor, sit amet consectetur adipisicing elit. Unde nam aliquam distinctio earum id iure dolores maxime incidunt, ipsam fuga accusamus vitae, exercitationem magnam cumque perferendis voluptates nemo. Repellat, accusamus.
        </p>
      </div>
    </details>
  </div>
  <div
    class="md:flex mt-8"
  >
    <button
      class="w-full md:w-auto border-0 text-white bg-pink-600 hover:bg-pink-800 hover:shadow-none active:bg-pink-900 active:outline-yellow-200 active:text-white t-button px-3 py-2 font-semibold rounded outline-none shadow-bottom-gray inline-flex items-center justify-between gap-2 cursor-pointer disabled:cursor-not-allowed disabled:border-slate-400 disabled:border disabled:bg-transparent disabled:text-gray-500 disabled:shadow-none focus:bg-yellow-200 focus:outline-purple-700 focus:outline-[3px] focus:outline-offset-0 focus:text-gray-800 focus:shadow-none active:shadow-none active:outline-[3px] active:outline-offset-0 t-primary-button"
      data-testid="continue"
      formaction="api/test"
      type="submit"
    >
      <span />
      Continue
      <span />
    </button>
  </div>
</form>
`;

exports[`QuestionForm component renders with an optional save and return link 1`] = `
<form
  class=""
  data-testid="test-component"
  method="POST"
  novalidate=""
>
  <input
    name="question"
    type="HIDDEN"
    value="q1"
  />
  <input
    name="language"
    type="HIDDEN"
    value="en"
  />
  <input
    name="task"
    type="HIDDEN"
    value=""
  />
  <input
    name="status"
    type="HIDDEN"
    value="4"
  />
  <span
    class="text-xl text-gray-400 font-normal"
  >
    Example subtitle
  </span>
  <fieldset>
    <legend>
      <h2
        class="text-3xl md:text-4xl text-gray-800 font-bold mt-2 mb-6"
        data-testid="section-title"
      >
        Example question title?
      </h2>
    </legend>
    <div
      class=""
      data-testid="errors"
    >
      <div
        class=""
        data-testid="question-radio"
      >
        <div
          class="mt-3"
        >
          <div
            class="flex flex-wrap relative"
            data-testid="radio-button"
          >
            <input
              class="w-[40px] h-[40px] m-0 opacity-0 cursor-pointer peer"
              id="answer-0"
              name="answer"
              required=""
              type="radio"
              value="0"
            />
            <label
              class="align-self-center max-w-[calc(100%-40px)] p-[7px] pl-[12px] cursor-pointer touch-action-manipulation before:content-[''] before:box-border before:absolute before:top-0 before:left-0 before:w-[40px] before:h-[40px] before:bg-transparent before:rounded-full before:border before:border-gray-400 after:content-[''] after:absolute after:top-[8px] after:left-[8px] after:w-0 after:h-0 after:border-[12px] after:border-solid after:border-pink-600 after:rounded-full after:opacity-0 hover:after:opacity-100 hover:after:border-pink-800 active:after:opacity-100 active:after:border-pink-400 peer-focus:before:border-4 peer-focus:before:border-purple-700 peer-focus:before:outline-[3px] peer-focus:before:outline-black peer-focus:before:outline-offset-1 peer-focus:before:shadow-[0_0_0_4px] peer-focus:before:shadow-yellow-200 peer-checked:after:opacity-100"
              for="answer-0"
            >
              Example answer 1
            </label>
          </div>
        </div>
        <div
          class="mt-3"
        >
          <div
            class="flex flex-wrap relative"
            data-testid="radio-button"
          >
            <input
              class="w-[40px] h-[40px] m-0 opacity-0 cursor-pointer peer"
              id="answer-1"
              name="answer"
              required=""
              type="radio"
              value="1"
            />
            <label
              class="align-self-center max-w-[calc(100%-40px)] p-[7px] pl-[12px] cursor-pointer touch-action-manipulation before:content-[''] before:box-border before:absolute before:top-0 before:left-0 before:w-[40px] before:h-[40px] before:bg-transparent before:rounded-full before:border before:border-gray-400 after:content-[''] after:absolute after:top-[8px] after:left-[8px] after:w-0 after:h-0 after:border-[12px] after:border-solid after:border-pink-600 after:rounded-full after:opacity-0 hover:after:opacity-100 hover:after:border-pink-800 active:after:opacity-100 active:after:border-pink-400 peer-focus:before:border-4 peer-focus:before:border-purple-700 peer-focus:before:outline-[3px] peer-focus:before:outline-black peer-focus:before:outline-offset-1 peer-focus:before:shadow-[0_0_0_4px] peer-focus:before:shadow-yellow-200 peer-checked:after:opacity-100"
              for="answer-1"
            >
              Example answer 2
            </label>
          </div>
        </div>
        <div
          class="mt-3"
        >
          <div
            class="flex flex-wrap relative"
            data-testid="radio-button"
          >
            <input
              class="w-[40px] h-[40px] m-0 opacity-0 cursor-pointer peer"
              id="answer-2"
              name="answer"
              required=""
              type="radio"
              value="2"
            />
            <label
              class="align-self-center max-w-[calc(100%-40px)] p-[7px] pl-[12px] cursor-pointer touch-action-manipulation before:content-[''] before:box-border before:absolute before:top-0 before:left-0 before:w-[40px] before:h-[40px] before:bg-transparent before:rounded-full before:border before:border-gray-400 after:content-[''] after:absolute after:top-[8px] after:left-[8px] after:w-0 after:h-0 after:border-[12px] after:border-solid after:border-pink-600 after:rounded-full after:opacity-0 hover:after:opacity-100 hover:after:border-pink-800 active:after:opacity-100 active:after:border-pink-400 peer-focus:before:border-4 peer-focus:before:border-purple-700 peer-focus:before:outline-[3px] peer-focus:before:outline-black peer-focus:before:outline-offset-1 peer-focus:before:shadow-[0_0_0_4px] peer-focus:before:shadow-yellow-200 peer-checked:after:opacity-100"
              for="answer-2"
            >
              Example answer 3
            </label>
          </div>
        </div>
        <div
          class="mt-3"
        >
          <div
            class="flex flex-wrap relative"
            data-testid="radio-button"
          >
            <input
              class="w-[40px] h-[40px] m-0 opacity-0 cursor-pointer peer"
              id="answer-3"
              name="answer"
              required=""
              type="radio"
              value="3"
            />
            <label
              class="align-self-center max-w-[calc(100%-40px)] p-[7px] pl-[12px] cursor-pointer touch-action-manipulation before:content-[''] before:box-border before:absolute before:top-0 before:left-0 before:w-[40px] before:h-[40px] before:bg-transparent before:rounded-full before:border before:border-gray-400 after:content-[''] after:absolute after:top-[8px] after:left-[8px] after:w-0 after:h-0 after:border-[12px] after:border-solid after:border-pink-600 after:rounded-full after:opacity-0 hover:after:opacity-100 hover:after:border-pink-800 active:after:opacity-100 active:after:border-pink-400 peer-focus:before:border-4 peer-focus:before:border-purple-700 peer-focus:before:outline-[3px] peer-focus:before:outline-black peer-focus:before:outline-offset-1 peer-focus:before:shadow-[0_0_0_4px] peer-focus:before:shadow-yellow-200 peer-checked:after:opacity-100"
              for="answer-3"
            >
              Example answer 4
            </label>
          </div>
        </div>
      </div>
    </div>
  </fieldset>
  <div
    class="mt-8"
  >
    <details
      class="group tool-expand"
      data-testid="expandable-section"
    >
      <summary
        class="flex [&::-webkit-details-marker]:hidden cursor-pointer py-2 outline-none focus:shadow-select-focus text-pink-800 underline hover:text-pink-800 hover:no-underline group"
      >
        <svgr-mock
          classname="group-open:rotate-[-180deg] text-pink-600 shrink-0 w-5 mr-2 group-hover:text-pink-800"
        />
        <div
          class="block"
          data-testid="summary-block-title"
        >
          example label
        </div>
      </summary>
      <div
        class=" my-4"
      >
        <p
          class="mb-4"
          data-testid="paragraph"
        >
          Lorem ipsum dolor, sit amet consectetur adipisicing elit. Unde nam aliquam distinctio earum id iure dolores maxime incidunt, ipsam fuga accusamus vitae, exercitationem magnam cumque perferendis voluptates nemo. Repellat, accusamus.
        </p>
      </div>
    </details>
  </div>
  <div
    class="md:flex mt-8"
  >
    <button
      class="w-full md:w-auto border-0 text-white bg-pink-600 hover:bg-pink-800 hover:shadow-none active:bg-pink-900 active:outline-yellow-200 active:text-white t-button px-3 py-2 font-semibold rounded outline-none shadow-bottom-gray inline-flex items-center justify-between gap-2 cursor-pointer disabled:cursor-not-allowed disabled:border-slate-400 disabled:border disabled:bg-transparent disabled:text-gray-500 disabled:shadow-none focus:bg-yellow-200 focus:outline-purple-700 focus:outline-[3px] focus:outline-offset-0 focus:text-gray-800 focus:shadow-none active:shadow-none active:outline-[3px] active:outline-offset-0 t-primary-button"
      data-testid="continue"
      formaction="api/test"
      type="submit"
    >
      <span />
      Continue
      <span />
    </button>
    <a
      class="ml-0 md:ml-4 mt-6 md:mt-0 w-full md:w-auto inline-flex items-center gap-2 text-pink-600 visited:text-purple-700 focus:text-gray-800 focus:bg-yellow-200 focus:shadow-link-focus focus-within:outline-0 underline hover:no-underline focus:no-underline cursor-pointer active:text-gray-800 active:underline active:bg-transparent active:shadow-none"
      data-testid="save-and-return"
      href="/en/undefined/save"
    >
      <svgr-mock
        classname=""
      />
       
      Save and come back later
    </a>
  </div>
</form>
`;
